[Licensing::Module] Trying to connect to existing licensing client channel...
Built from '6000.3/staging' branch; Version is '6000.3.14f1 (d68c3f99a318) revision 14060607'; Using compiler version '194234433'; Build Type 'Release'
[Licensing::IpcConnector] Successfully connected to: "LicenseClient-doria" at "2026-05-01T18:18:02.0390491Z"
OS: 'Windows 11  (10.0.26200) Core' Language: 'en' Physical Memory: 15636 MB
BatchMode: 1, IsHumanControllingUs: 0, StartBugReporterOnCrash: 0, Is64bit: 1
System  architecture: x64
Process architecture: x64
Date: 2026-05-01T18:18:02Z

COMMAND LINE ARGUMENTS:
C:\Program Files\Unity\Hub\Editor\6000.3.14f1\Editor\Unity.exe
-adb2
-batchMode
-noUpm
-name
AssetImportWorker1
-projectPath
C:/Users/doria/Documents/Mercenary/MercenaryTop
-logFile
Logs/AssetImportWorker1.log
-srvPort
49798
-licensingIpc
LicenseClient-doria
-job-worker-count
5
-background-job-worker-count
8
-gc-helper-count
1
-name
AssetImport
Successfully changed project path to: C:/Users/doria/Documents/Mercenary/MercenaryTop
C:/Users/doria/Documents/Mercenary/MercenaryTop
[UnityMemory] Configuration Parameters - Can be set up in boot.config
    "memorysetup-temp-allocator-size-nav-mesh-worker=65536"
    "memorysetup-temp-allocator-size-audio-worker=65536"
    "memorysetup-temp-allocator-size-gfx=262144"
    "memorysetup-allocator-temp-initial-block-size-main=262144"
    "memorysetup-allocator-temp-initial-block-size-worker=262144"
    "memorysetup-temp-allocator-size-background-worker=32768"
    "memorysetup-temp-allocator-size-job-worker=262144"
    "memorysetup-temp-allocator-size-preload-manager=33554432"
    "memorysetup-temp-allocator-size-gi-baking-worker=262144"
    "memorysetup-temp-allocator-size-gi-baking-worker=262144"
    "memorysetup-temp-allocator-size-gi-baking-worker=262144"
    "memorysetup-temp-allocator-size-gi-baking-worker=262144"
    "memorysetup-temp-allocator-size-gi-baking-worker=262144"
    "memorysetup-bucket-allocator-granularity=16"
    "memorysetup-bucket-allocator-bucket-count=8"
    "memorysetup-bucket-allocator-block-size=33554432"
    "memorysetup-bucket-allocator-block-count=8"
    "memorysetup-main-allocator-block-size=16777216"
    "memorysetup-thread-allocator-block-size=16777216"
    "memorysetup-gfx-main-allocator-block-size=16777216"
    "memorysetup-gfx-thread-allocator-block-size=16777216"
    "memorysetup-cache-allocator-block-size=4194304"
    "memorysetup-typetree-allocator-block-size=2097152"
    "memorysetup-profiler-bucket-allocator-granularity=16"
    "memorysetup-profiler-bucket-allocator-bucket-count=8"
    "memorysetup-profiler-bucket-allocator-block-size=33554432"
    "memorysetup-profiler-bucket-allocator-block-count=8"
    "memorysetup-profiler-allocator-block-size=16777216"
    "memorysetup-profiler-editor-allocator-block-size=1048576"
    "memorysetup-temp-allocator-size-main=16777216"
    "memorysetup-job-temp-allocator-block-size=2097152"
    "memorysetup-job-temp-allocator-block-size-background=1048576"
    "memorysetup-job-temp-allocator-reduction-small-platforms=262144"
    "memorysetup-temp-allocator-size-cloud-worker=32768"
Player connection [19944]  Target information:

Player connection [19944]  * "[IP] 172.24.165.133 [Port] 0 [Flags] 2 [Guid] 633566344 [EditorId] 633566344 [Version] 1048832 [Id] WindowsEditor(7,WIN-MCABTCBJL24) [Debug] 1 [PackageName] WindowsEditor [ProjectName] Editor" 

Player connection [19944] Host joined multi-casting on [225.0.0.222:54997]...
Player connection [19944] Host joined alternative multi-casting on [225.0.0.222:34997]...
JobSystem: Creating JobQueue using job-worker-count value 5
Input System module state changed to: Initialized.
[Physics::Module] Initialized fallback backend.
[Physics::Module] Id: 0xdecafbad
Library Redirect Path: Library/
[Physics::Module] Selected backend.
[Physics::Module] Name: PhysX
[Physics::Module] Id: 0xf2b8ea05
[Physics::Module] SDK Version: 4.1.2
[Physics::Module] Integration Version: 1.0.0
[Physics::Module] Threading Mode: Multi-Threaded
Refreshing native plugins compatible for Editor in 3.71 ms, found 5 plugins.
Preloading 0 native plugins for Editor in 0.00 ms.
Initialize engine version: 6000.3.14f1 (d68c3f99a318)
[Subsystems] Discovering subsystems at path C:/Program Files/Unity/Hub/Editor/6000.3.14f1/Editor/Data/Resources/UnitySubsystems
[Subsystems] Discovering subsystems at path C:/Users/doria/Documents/Mercenary/MercenaryTop/Assets
GfxDevice: creating device client; kGfxThreadingModeNonThreaded
Direct3D:
    Version:  Direct3D 11.0 [level 11.1]
    Renderer: NVIDIA GeForce RTX 4050 Laptop GPU (ID=0x28e1)
    Vendor:   NVIDIA
    VRAM:     5920 MB
    Driver:   32.0.15.9597
Initialize mono
Mono path[0] = 'C:/Program Files/Unity/Hub/Editor/6000.3.14f1/Editor/Data/Managed'
Mono path[1] = 'C:/Program Files/Unity/Hub/Editor/6000.3.14f1/Editor/Data/MonoBleedingEdge/lib/mono/unityjit-win32'
Mono config path = 'C:/Program Files/Unity/Hub/Editor/6000.3.14f1/Editor/Data/MonoBleedingEdge/etc'
Using monoOptions --debugger-agent=transport=dt_socket,embedding=1,server=y,suspend=n,address=127.0.0.1:56312
Begin MonoManager ReloadAssembly
Registering precompiled unity dll's ...
Register platform support module: C:/Program Files/Unity/Hub/Editor/6000.3.14f1/Editor/Data/PlaybackEngines/WindowsStandaloneSupport/UnityEditor.WindowsStandalone.Extensions.dll
Registered in 0.002354 seconds.
- Loaded All Assemblies, in  0.561 seconds
Native extension for WindowsStandalone target not found
Package Manager log level set to [2]
[Package Manager] Failed to launch server process. Reason: Unity was launched with the -noUpm command-line argument
[Package Manager] Unable to send message (not connected to server process).
[Package Manager] Cannot connect to Unity Package Manager local server
ScheduleIndexationOnStartup MainProcess:False IndexOnStartup:True
Mono: successfully reloaded assembly
- Finished resetting the current domain, in  0.550 seconds
Domain Reload Profiling: 1107ms
	BeginReloadAssembly (179ms)
		ExecutionOrderSort (0ms)
		DisableScriptedObjects (0ms)
		BackupInstance (0ms)
		ReleaseScriptingObjects (0ms)
		CreateAndSetChildDomain (1ms)
	RebuildCommonClasses (58ms)
	RebuildNativeTypeToScriptingClass (17ms)
	initialDomainReloadingComplete (70ms)
	LoadAllAssembliesAndSetupDomain (231ms)
		LoadAssemblies (173ms)
		RebuildTransferFunctionScriptingTraits (0ms)
		AnalyzeDomain (228ms)
			TypeCache.Refresh (226ms)
				TypeCache.ScanAssembly (208ms)
			BuildScriptInfoCaches (0ms)
			ResolveRequiredComponents (1ms)
	FinalizeReload (550ms)
		ReleaseScriptCaches (0ms)
		RebuildScriptCaches (0ms)
		SetupLoadedEditorAssemblies (481ms)
			LogAssemblyErrors (0ms)
			InitializePlatformSupportModulesInManaged (62ms)
			SetLoadedEditorAssemblies (5ms)
			BeforeProcessingInitializeOnLoad (125ms)
			ProcessInitializeOnLoadAttributes (185ms)
			ProcessInitializeOnLoadMethodAttributes (104ms)
			AfterProcessingInitializeOnLoad (0ms)
			EditorAssembliesLoaded (0ms)
		ExecutionOrderSort2 (0ms)
		AwakeInstancesAfterBackupRestoration (0ms)
========================================================================
Worker process is ready to serve import requests
Import Worker Mode flag is 0x00
Begin MonoManager ReloadAssembly
[Licensing::Module] Licensing is not yet initialized.
[Licensing::Client] Error: HandshakeResponse reported an error:
	ResponseCode: 505
	ResponseStatus: Unsupported protocol version '1.18.1'.
[Licensing::Module] Error: Failed to handshake to channel: "LicenseClient-doria"
[Licensing::IpcConnector] LicenseClient-doria channel disconnected successfully.
[Licensing::IpcConnector] Successfully connected to: "LicenseClient-doria-6000.3.14" at "2026-05-01T18:18:04.8384799Z"
[Licensing::Client] Handshaking with LicensingClient:
  Version:                 1.18.1+9fbee8e
  Session Id:              143a6a12114647158b8668db733f28b4
  Correlation Id:          765f7bb24aa9df4c595fafa3c2b5b340
  External correlation Id: 3598186088025732226
  Machine Id:              YQYdrTSTO+zpb+mG0eT2nX0t3CI=
[Licensing::Module] Successfully connected to LicensingClient on channel: "LicenseClient-doria-6000.3.14" (connect: 0.00s, validation: 0.00s, handshake: 2.56s)
[Licensing::IpcConnector] Successfully connected to: "LicenseClient-doria-6000.3.14-notifications" at "2026-05-01T18:18:07.4003055Z"
[Licensing::Module] Licensing Background thread has ended after 5.36s
[Licensing::Module] Licensing is initialized (took 3.03s).
[Licensing::Client] Successfully resolved entitlement details
[Licensing::Module] License group:
  Id: 4673930102445-UnityPersXXXX
  Product: Unity Personal
  Type: Assigned
  Expiration: Unlimited
- Loaded All Assemblies, in  4.041 seconds
Refreshing native plugins compatible for Editor in 2.82 ms, found 5 plugins.
Native extension for WindowsStandalone target not found
[Package Manager] Failed to launch server process. Reason: Unity was launched with the -noUpm command-line argument
[Package Manager] Unable to send message (not connected to server process).
[Package Manager] Cannot connect to Unity Package Manager local server
Refreshing native plugins compatible for Editor in 2.54 ms, found 5 plugins.
[Package Manager] Failed to launch server process. Reason: Unity was launched with the -noUpm command-line argument
[Package Manager] Unable to send message (not connected to server process).
[Package Manager] Cannot connect to Unity Package Manager local server
ScheduleIndexationOnStartup MainProcess:False IndexOnStartup:True
Mono: successfully reloaded assembly
- Finished resetting the current domain, in  0.953 seconds
Domain Reload Profiling: 4987ms
	BeginReloadAssembly (3233ms)
		ExecutionOrderSort (0ms)
		DisableScriptedObjects (6ms)
		BackupInstance (0ms)
		ReleaseScriptingObjects (0ms)
		CreateAndSetChildDomain (37ms)
	RebuildCommonClasses (65ms)
	RebuildNativeTypeToScriptingClass (17ms)
	initialDomainReloadingComplete (48ms)
	LoadAllAssembliesAndSetupDomain (671ms)
		LoadAssemblies (464ms)
		RebuildTransferFunctionScriptingTraits (0ms)
		AnalyzeDomain (318ms)
			TypeCache.Refresh (227ms)
				TypeCache.ScanAssembly (212ms)
			BuildScriptInfoCaches (75ms)
			ResolveRequiredComponents (10ms)
	FinalizeReload (954ms)
		ReleaseScriptCaches (0ms)
		RebuildScriptCaches (0ms)
		SetupLoadedEditorAssemblies (777ms)
			LogAssemblyErrors (0ms)
			InitializePlatformSupportModulesInManaged (2ms)
			SetLoadedEditorAssemblies (5ms)
			BeforeProcessingInitializeOnLoad (175ms)
			ProcessInitializeOnLoadAttributes (439ms)
			ProcessInitializeOnLoadMethodAttributes (149ms)
			AfterProcessingInitializeOnLoad (5ms)
			EditorAssembliesLoaded (0ms)
		ExecutionOrderSort2 (0ms)
		AwakeInstancesAfterBackupRestoration (7ms)
Launched and connected shader compiler UnityShaderCompiler.exe after 0.02 seconds
Refreshing native plugins compatible for Editor in 3.43 ms, found 5 plugins.
Preloading 0 native plugins for Editor in 0.00 ms.
Unloading 16 Unused Serialized files (Serialized files now loaded: 0)
Unloading 7166 unused Assets / (5.4 MB). Loaded Objects now: 7976.
Memory consumption went from 155.4 MB to 150.0 MB.
Total: 16.544900 ms (FindLiveObjects: 1.281400 ms CreateObjectMapping: 1.340600 ms MarkObjects: 9.005900 ms  DeleteObjects: 4.914600 ms)

========================================================================
Received Import Request.
  Time since last request: 679401.194566 seconds.
  path: Assets/Jojo Jungle Pack v4.0/SpriteSheets/player/john_jump_ng.png
  artifactKey: Guid(e8d33804545cf7f4cafaae1a9fd813f2) Importer(2089858483,b0f066a214c2f5e87bad3c948f4d605d)
Start importing Assets/Jojo Jungle Pack v4.0/SpriteSheets/player/john_jump_ng.png using Guid(e8d33804545cf7f4cafaae1a9fd813f2) Importer(2089858483,b0f066a214c2f5e87bad3c948f4d605d) (ScriptedImporter) -> (artifact id: '13401e0d2eadc789527bf621656ce8ff') in 0.1740705 seconds
Number of updated asset objects reloaded before import = 0Number of asset objects unloaded after import = 11

========================================================================
Received Import Request.
  Time since last request: 0.000032 seconds.
  path: Assets/Jojo Jungle Pack v4.0/SpriteSheets/player/john_landing.png
  artifactKey: Guid(2fff3712c215f7947a09dfc1272c7f4a) Importer(2089858483,b0f066a214c2f5e87bad3c948f4d605d)
Start importing Assets/Jojo Jungle Pack v4.0/SpriteSheets/player/john_landing.png using Guid(2fff3712c215f7947a09dfc1272c7f4a) Importer(2089858483,b0f066a214c2f5e87bad3c948f4d605d) (ScriptedImporter) -> (artifact id: '19dc3458c7de2098f937779dfdcb245d') in 0.0103293 seconds
Number of updated asset objects reloaded before import = 0Number of asset objects unloaded after import = 5

========================================================================
Received Import Request.
  Time since last request: 0.000034 seconds.
  path: Assets/Jojo Jungle Pack v4.0/SpriteSheets/player/john_hagging_aimupdiag.png
  artifactKey: Guid(45fd2f81e72febb4d88bb882f491b1be) Importer(2089858483,b0f066a214c2f5e87bad3c948f4d605d)
Start importing Assets/Jojo Jungle Pack v4.0/SpriteSheets/player/john_hagging_aimupdiag.png using Guid(45fd2f81e72febb4d88bb882f491b1be) Importer(2089858483,b0f066a214c2f5e87bad3c948f4d605d) (ScriptedImporter) -> (artifact id: '87ee225c099f44ccc2540edd1605ea59') in 0.0123596 seconds
Number of updated asset objects reloaded before import = 0Number of asset objects unloaded after import = 3

========================================================================
Received Import Request.
  Time since last request: 0.000021 seconds.
  path: Assets/Jojo Jungle Pack v4.0/SpriteSheets/titlescreen/main_title_bg.png
  artifactKey: Guid(a4017d5f39e0fa346b51253019e14953) Importer(2089858483,b0f066a214c2f5e87bad3c948f4d605d)
Start importing Assets/Jojo Jungle Pack v4.0/SpriteSheets/titlescreen/main_title_bg.png using Guid(a4017d5f39e0fa346b51253019e14953) Importer(2089858483,b0f066a214c2f5e87bad3c948f4d605d) (ScriptedImporter) -> (artifact id: 'fcf0665777899893856ea04ce028828e') in 0.0090942 seconds
Number of updated asset objects reloaded before import = 0Number of asset objects unloaded after import = 3

========================================================================
Received Import Request.
  Time since last request: 0.000018 seconds.
  path: Assets/Jojo Jungle Pack v4.0/SpriteSheets/player/player_weapon_break.png
  artifactKey: Guid(16821121dd33b8f42b4e54fb7e4ccd08) Importer(2089858483,b0f066a214c2f5e87bad3c948f4d605d)
Start importing Assets/Jojo Jungle Pack v4.0/SpriteSheets/player/player_weapon_break.png using Guid(16821121dd33b8f42b4e54fb7e4ccd08) Importer(2089858483,b0f066a214c2f5e87bad3c948f4d605d) (ScriptedImporter) -> (artifact id: 'c4317353e06584861e717de80198bb76') in 0.0171627 seconds
Number of updated asset objects reloaded before import = 0Number of asset objects unloaded after import = 15

========================================================================
Received Import Request.
  Time since last request: 0.000022 seconds.
  path: Assets/Jojo Jungle Pack v4.0/SpriteSheets/ui/ui_weapon_double_red.png
  artifactKey: Guid(90c6ccc3411b7df4fa3acc5a33653599) Importer(2089858483,b0f066a214c2f5e87bad3c948f4d605d)
Start importing Assets/Jojo Jungle Pack v4.0/SpriteSheets/ui/ui_weapon_double_red.png using Guid(90c6ccc3411b7df4fa3acc5a33653599) Importer(2089858483,b0f066a214c2f5e87bad3c948f4d605d) (ScriptedImporter) -> (artifact id: '0ff6f41abc86d5f038e341148f1da038') in 0.0091552 seconds
Number of updated asset objects reloaded before import = 0Number of asset objects unloaded after import = 3

========================================================================
Received Import Request.
  Time since last request: 0.000028 seconds.
  path: Assets/Jojo Jungle Pack v4.0/SpriteSheets/player/john_jump_ng_aimdiagup.png
  artifactKey: Guid(343732bca2bbab041a67d28175f7a6b4) Importer(2089858483,b0f066a214c2f5e87bad3c948f4d605d)
Start importing Assets/Jojo Jungle Pack v4.0/SpriteSheets/player/john_jump_ng_aimdiagup.png using Guid(343732bca2bbab041a67d28175f7a6b4) Importer(2089858483,b0f066a214c2f5e87bad3c948f4d605d) (ScriptedImporter) -> (artifact id: '86338ce2f31296a7516ca2575701944b') in 0.0164254 seconds
Number of updated asset objects reloaded before import = 0Number of asset objects unloaded after import = 11

========================================================================
Received Import Request.
  Time since last request: 0.000034 seconds.
  path: Assets/Jojo Jungle Pack v4.0/SpriteSheets/background/background_cave.png
  artifactKey: Guid(bb724c9f52998a44a92fa85b0e658e4e) Importer(2089858483,b0f066a214c2f5e87bad3c948f4d605d)
Start importing Assets/Jojo Jungle Pack v4.0/SpriteSheets/background/background_cave.png using Guid(bb724c9f52998a44a92fa85b0e658e4e) Importer(2089858483,b0f066a214c2f5e87bad3c948f4d605d) (ScriptedImporter) -> (artifact id: 'cceb503cf6a52a35371745c16823497a') in 0.0084887 seconds
Number of updated asset objects reloaded before import = 0Number of asset objects unloaded after import = 3

========================================================================
Received Import Request.
  Time since last request: 0.000024 seconds.
  path: Assets/Jojo Jungle Pack v4.0/SpriteSheets/boss/Boss_Fire360_spritesheet.png
  artifactKey: Guid(58830b8714bafa042bdda7bf32d41a23) Importer(2089858483,b0f066a214c2f5e87bad3c948f4d605d)
Start importing Assets/Jojo Jungle Pack v4.0/SpriteSheets/boss/Boss_Fire360_spritesheet.png using Guid(58830b8714bafa042bdda7bf32d41a23) Importer(2089858483,b0f066a214c2f5e87bad3c948f4d605d) (ScriptedImporter) -> (artifact id: 'ba7951c83d089d22f8727eea7c0cce62') in 0.0190826 seconds
Number of updated asset objects reloaded before import = 0Number of asset objects unloaded after import = 13

========================================================================
Received Import Request.
  Time since last request: 0.000021 seconds.
  path: Assets/Jojo Jungle Pack v4.0/SpriteSheets/player/john_jump_ng_aimup.png
  artifactKey: Guid(ae4af17c4f97fe140899959e8500f710) Importer(2089858483,b0f066a214c2f5e87bad3c948f4d605d)
Start importing Assets/Jojo Jungle Pack v4.0/SpriteSheets/player/john_jump_ng_aimup.png using Guid(ae4af17c4f97fe140899959e8500f710) Importer(2089858483,b0f066a214c2f5e87bad3c948f4d605d) (ScriptedImporter) -> (artifact id: '8c2854afb494812a6364b5670e14d1b8') in 0.0150712 seconds
Number of updated asset objects reloaded before import = 0Number of asset objects unloaded after import = 11

========================================================================
Received Import Request.
  Time since last request: 0.000029 seconds.
  path: Assets/Jojo Jungle Pack v4.0/SpriteSheets/player/john_stand_shooting_up_diag.png
  artifactKey: Guid(39b37be6014f538498db555508997ee9) Importer(2089858483,b0f066a214c2f5e87bad3c948f4d605d)
Start importing Assets/Jojo Jungle Pack v4.0/SpriteSheets/player/john_stand_shooting_up_diag.png using Guid(39b37be6014f538498db555508997ee9) Importer(2089858483,b0f066a214c2f5e87bad3c948f4d605d) (ScriptedImporter) -> (artifact id: '64d68a31daeefa146ed4882b77132535') in 0.0127126 seconds
Number of updated asset objects reloaded before import = 0Number of asset objects unloaded after import = 4

========================================================================
Received Import Request.
  Time since last request: 0.000034 seconds.
  path: Assets/Jojo Jungle Pack v4.0/SpriteSheets/player/john_hagging_aimdowndiag_firing.png
  artifactKey: Guid(31ed91a18392f944c9c78df2aeb2f7e1) Importer(2089858483,b0f066a214c2f5e87bad3c948f4d605d)
Start importing Assets/Jojo Jungle Pack v4.0/SpriteSheets/player/john_hagging_aimdowndiag_firing.png using Guid(31ed91a18392f944c9c78df2aeb2f7e1) Importer(2089858483,b0f066a214c2f5e87bad3c948f4d605d) (ScriptedImporter) -> (artifact id: '56059ae86105359db11edc5d16d395dc') in 0.0109572 seconds
Number of updated asset objects reloaded before import = 0Number of asset objects unloaded after import = 4

========================================================================
Received Import Request.
  Time since last request: 0.000038 seconds.
  path: Assets/Jojo Jungle Pack v4.0/SpriteSheets/player/john_stand_looking_up.png
  artifactKey: Guid(0d3bddf56f1e36e4e8f1cdc15fa0a407) Importer(2089858483,b0f066a214c2f5e87bad3c948f4d605d)
Start importing Assets/Jojo Jungle Pack v4.0/SpriteSheets/player/john_stand_looking_up.png using Guid(0d3bddf56f1e36e4e8f1cdc15fa0a407) Importer(2089858483,b0f066a214c2f5e87bad3c948f4d605d) (ScriptedImporter) -> (artifact id: 'f75ca7bc1e15f31c218a8536512a778d') in 0.0081832 seconds
Number of updated asset objects reloaded before import = 0Number of asset objects unloaded after import = 3

========================================================================
Received Import Request.
  Time since last request: 0.000017 seconds.
  path: Assets/Jojo Jungle Pack v4.0/SpriteSheets/props/bigcrate.png
  artifactKey: Guid(5c06bbc2246b1fa4d994d6a92c6f7581) Importer(2089858483,b0f066a214c2f5e87bad3c948f4d605d)
Start importing Assets/Jojo Jungle Pack v4.0/SpriteSheets/props/bigcrate.png using Guid(5c06bbc2246b1fa4d994d6a92c6f7581) Importer(2089858483,b0f066a214c2f5e87bad3c948f4d605d) (ScriptedImporter) -> (artifact id: 'cca101cece3f2640fd7bff600c5fadc4') in 0.0087502 seconds
Number of updated asset objects reloaded before import = 0Number of asset objects unloaded after import = 3

========================================================================
Received Import Request.
  Time since last request: 0.000024 seconds.
  path: Assets/Jojo Jungle Pack v4.0/SpriteSheets/enemy/turret.png
  artifactKey: Guid(4a564189f6fc02f419b90fd71235fe71) Importer(2089858483,b0f066a214c2f5e87bad3c948f4d605d)
Start importing Assets/Jojo Jungle Pack v4.0/SpriteSheets/enemy/turret.png using Guid(4a564189f6fc02f419b90fd71235fe71) Importer(2089858483,b0f066a214c2f5e87bad3c948f4d605d) (ScriptedImporter) -> (artifact id: '27d30e49afabf89b1cc46826381f52f2') in 0.0185466 seconds
Number of updated asset objects reloaded before import = 0Number of asset objects unloaded after import = 10

========================================================================
Received Import Request.
  Time since last request: 0.000017 seconds.
  path: Assets/Jojo Jungle Pack v4.0/SpriteSheets/boss/BossHeadIdle.png
  artifactKey: Guid(749b1e6d1dcf42744b543a5b51d5b631) Importer(2089858483,b0f066a214c2f5e87bad3c948f4d605d)
Start importing Assets/Jojo Jungle Pack v4.0/SpriteSheets/boss/BossHeadIdle.png using Guid(749b1e6d1dcf42744b543a5b51d5b631) Importer(2089858483,b0f066a214c2f5e87bad3c948f4d605d) (ScriptedImporter) -> (artifact id: '7e23431e748bf5f15bdf89bf7f41253a') in 0.0159358 seconds
Number of updated asset objects reloaded before import = 0Number of asset objects unloaded after import = 14

========================================================================
Received Import Request.
  Time since last request: 0.000028 seconds.
  path: Assets/Jojo Jungle Pack v4.0/SpriteSheets/enemy/grunt.png
  artifactKey: Guid(ef31758a1f38f4b4ba67a687d042cf08) Importer(2089858483,b0f066a214c2f5e87bad3c948f4d605d)
Start importing Assets/Jojo Jungle Pack v4.0/SpriteSheets/enemy/grunt.png using Guid(ef31758a1f38f4b4ba67a687d042cf08) Importer(2089858483,b0f066a214c2f5e87bad3c948f4d605d) (ScriptedImporter) -> (artifact id: '0c175742a7c795dc89d397a601b62bcb') in 0.0119862 seconds
Number of updated asset objects reloaded before import = 0Number of asset objects unloaded after import = 4

========================================================================
Received Import Request.
  Time since last request: 0.000027 seconds.
  path: Assets/Jojo Jungle Pack v4.0/SpriteSheets/player/john_run_up_diag.png
  artifactKey: Guid(0afa74fa21284c04ba3f4fc8052ba8a2) Importer(2089858483,b0f066a214c2f5e87bad3c948f4d605d)
Start importing Assets/Jojo Jungle Pack v4.0/SpriteSheets/player/john_run_up_diag.png using Guid(0afa74fa21284c04ba3f4fc8052ba8a2) Importer(2089858483,b0f066a214c2f5e87bad3c948f4d605d) (ScriptedImporter) -> (artifact id: '6651717bfa5860af0b61374bd6d96de8') in 0.0149786 seconds
Number of updated asset objects reloaded before import = 0Number of asset objects unloaded after import = 12

========================================================================
Received Import Request.
  Time since last request: 0.000017 seconds.
  path: Assets/Jojo Jungle Pack v4.0/Mockups/eneminss1.png
  artifactKey: Guid(91966280a732f8d4aaf7a0f05a68c712) Importer(2089858483,b0f066a214c2f5e87bad3c948f4d605d)
Start importing Assets/Jojo Jungle Pack v4.0/Mockups/eneminss1.png using Guid(91966280a732f8d4aaf7a0f05a68c712) Importer(2089858483,b0f066a214c2f5e87bad3c948f4d605d) (ScriptedImporter) -> (artifact id: 'c512fdc6f34aeb31e964cc4872b21094') in 0.0107362 seconds
Number of updated asset objects reloaded before import = 0Number of asset objects unloaded after import = 3

========================================================================
Received Import Request.
  Time since last request: 0.000016 seconds.
  path: Assets/Jojo Jungle Pack v4.0/SpriteSheets/player/jump_dust.png
  artifactKey: Guid(652df4b45b43a0448b989469dad89578) Importer(2089858483,b0f066a214c2f5e87bad3c948f4d605d)
Start importing Assets/Jojo Jungle Pack v4.0/SpriteSheets/player/jump_dust.png using Guid(652df4b45b43a0448b989469dad89578) Importer(2089858483,b0f066a214c2f5e87bad3c948f4d605d) (ScriptedImporter) -> (artifact id: 'ccacd0c450bace469ece7f7c06e9d0dd') in 0.0106092 seconds
Number of updated asset objects reloaded before import = 0Number of asset objects unloaded after import = 3

========================================================================
Received Import Request.
  Time since last request: 0.000017 seconds.
  path: Assets/Jojo Jungle Pack v4.0/SpriteSheets/enemy/grunt_run.png
  artifactKey: Guid(28fea427a8703dd4084409d9812a3ca4) Importer(2089858483,b0f066a214c2f5e87bad3c948f4d605d)
Start importing Assets/Jojo Jungle Pack v4.0/SpriteSheets/enemy/grunt_run.png using Guid(28fea427a8703dd4084409d9812a3ca4) Importer(2089858483,b0f066a214c2f5e87bad3c948f4d605d) (ScriptedImporter) -> (artifact id: '8081d03399a7cb4cf2fe7c5174dfd3d1') in 0.0168616 seconds
Number of updated asset objects reloaded before import = 0Number of asset objects unloaded after import = 12

========================================================================
Received Import Request.
  Time since last request: 0.000020 seconds.
  path: Assets/Jojo Jungle Pack v4.0/SpriteSheets/ui/fnt_wonder32_custom.png
  artifactKey: Guid(2592f868de572e84a8e14f36107ce5d0) Importer(2089858483,b0f066a214c2f5e87bad3c948f4d605d)
Start importing Assets/Jojo Jungle Pack v4.0/SpriteSheets/ui/fnt_wonder32_custom.png using Guid(2592f868de572e84a8e14f36107ce5d0) Importer(2089858483,b0f066a214c2f5e87bad3c948f4d605d) (ScriptedImporter) -> (artifact id: '8a612c123ee22ed05a41a03582bdbeff') in 0.0409631 seconds
Number of updated asset objects reloaded before import = 0Number of asset objects unloaded after import = 36

========================================================================
Received Import Request.
  Time since last request: 0.000040 seconds.
  path: Assets/Jojo Jungle Pack v4.0/GIFs/jamesjohnrunandgun_showtime.gif
  artifactKey: Guid(add34bc00a6ac844cac69273a91e703e) Importer(2089858483,b0f066a214c2f5e87bad3c948f4d605d)
Start importing Assets/Jojo Jungle Pack v4.0/GIFs/jamesjohnrunandgun_showtime.gif using Guid(add34bc00a6ac844cac69273a91e703e) Importer(2089858483,b0f066a214c2f5e87bad3c948f4d605d) (ScriptedImporter) -> (artifact id: 'adbf1e96b8d738392f605c5ff367c88f') in 0.0117494 seconds
Number of updated asset objects reloaded before import = 0Number of asset objects unloaded after import = 3

========================================================================
Received Import Request.
  Time since last request: 0.000023 seconds.
  path: Assets/Jojo Jungle Pack v4.0/SpriteSheets/ui/ui_weapon_curve_blue.png
  artifactKey: Guid(d181508bc7be86f4b8bb5897f885ecb3) Importer(2089858483,b0f066a214c2f5e87bad3c948f4d605d)
Start importing Assets/Jojo Jungle Pack v4.0/SpriteSheets/ui/ui_weapon_curve_blue.png using Guid(d181508bc7be86f4b8bb5897f885ecb3) Importer(2089858483,b0f066a214c2f5e87bad3c948f4d605d) (ScriptedImporter) -> (artifact id: '73b82f8063c5d060b91e9d93a281efb2') in 0.0092893 seconds
Number of updated asset objects reloaded before import = 0Number of asset objects unloaded after import = 3

========================================================================
Received Import Request.
  Time since last request: 0.000020 seconds.
  path: Assets/Jojo Jungle Pack v4.0/GIFs/explosion.gif
  artifactKey: Guid(b61505fc533912947a384c010e0003a6) Importer(2089858483,b0f066a214c2f5e87bad3c948f4d605d)
Start importing Assets/Jojo Jungle Pack v4.0/GIFs/explosion.gif using Guid(b61505fc533912947a384c010e0003a6) Importer(2089858483,b0f066a214c2f5e87bad3c948f4d605d) (ScriptedImporter) -> (artifact id: '9b6f27d765dc09a9d0446fcd4452f5bd') in 0.0113426 seconds
Number of updated asset objects reloaded before import = 0Number of asset objects unloaded after import = 3

========================================================================
Received Import Request.
  Time since last request: 0.000028 seconds.
  path: Assets/Jojo Jungle Pack v4.0/SpriteSheets/boss/BossHead-static.png
  artifactKey: Guid(20737cd401d81654991f53d0f0a55d3f) Importer(2089858483,b0f066a214c2f5e87bad3c948f4d605d)
Start importing Assets/Jojo Jungle Pack v4.0/SpriteSheets/boss/BossHead-static.png using Guid(20737cd401d81654991f53d0f0a55d3f) Importer(2089858483,b0f066a214c2f5e87bad3c948f4d605d) (ScriptedImporter) -> (artifact id: 'fc42a8278e71287475d22e39e8ed19ae') in 0.0079867 seconds
Number of updated asset objects reloaded before import = 0Number of asset objects unloaded after import = 3

========================================================================
Received Import Request.
  Time since last request: 0.000041 seconds.
  path: Assets/Jojo Jungle Pack v4.0/SpriteSheets/player/john_stand_shooting_down_diag.png
  artifactKey: Guid(85dcd2232d9e0c14c9cccdca76a49e1a) Importer(2089858483,b0f066a214c2f5e87bad3c948f4d605d)
Start importing Assets/Jojo Jungle Pack v4.0/SpriteSheets/player/john_stand_shooting_down_diag.png using Guid(85dcd2232d9e0c14c9cccdca76a49e1a) Importer(2089858483,b0f066a214c2f5e87bad3c948f4d605d) (ScriptedImporter) -> (artifact id: '07e8b741e62bee72feff12c234542405') in 0.0088625 seconds
Number of updated asset objects reloaded before import = 0Number of asset objects unloaded after import = 4

========================================================================
Received Import Request.
  Time since last request: 0.000021 seconds.
  path: Assets/Jojo Jungle Pack v4.0/SpriteSheets/player/john_run_ng.png
  artifactKey: Guid(e76b5e4d4fc74a24cb2a4f9d5a7c0926) Importer(2089858483,b0f066a214c2f5e87bad3c948f4d605d)
Start importing Assets/Jojo Jungle Pack v4.0/SpriteSheets/player/john_run_ng.png using Guid(e76b5e4d4fc74a24cb2a4f9d5a7c0926) Importer(2089858483,b0f066a214c2f5e87bad3c948f4d605d) (ScriptedImporter) -> (artifact id: '9cb7aea683eb1dd7187200e2c6822752') in 0.0163411 seconds
Number of updated asset objects reloaded before import = 0Number of asset objects unloaded after import = 12

========================================================================
Received Import Request.
  Time since last request: 0.000025 seconds.
  path: Assets/Jojo Jungle Pack v4.0/SpriteSheets/player/john_defeated_ng.png
  artifactKey: Guid(15e3f8c5e0925834aae4d22f6dd39c2b) Importer(2089858483,b0f066a214c2f5e87bad3c948f4d605d)
Start importing Assets/Jojo Jungle Pack v4.0/SpriteSheets/player/john_defeated_ng.png using Guid(15e3f8c5e0925834aae4d22f6dd39c2b) Importer(2089858483,b0f066a214c2f5e87bad3c948f4d605d) (ScriptedImporter) -> (artifact id: '55ed03fdc0a31e6a7aff7aeebe946a19') in 0.0141965 seconds
Number of updated asset objects reloaded before import = 0Number of asset objects unloaded after import = 12

========================================================================
Received Import Request.
  Time since last request: 0.000025 seconds.
  path: Assets/Jojo Jungle Pack v4.0/GIFs/john_jump.gif
  artifactKey: Guid(ab2ab1e3a6042cf4290dc3777844e24a) Importer(2089858483,b0f066a214c2f5e87bad3c948f4d605d)
Start importing Assets/Jojo Jungle Pack v4.0/GIFs/john_jump.gif using Guid(ab2ab1e3a6042cf4290dc3777844e24a) Importer(2089858483,b0f066a214c2f5e87bad3c948f4d605d) (ScriptedImporter) -> (artifact id: 'fff2fb6d1ca51544cbef767a465584dc') in 0.0086329 seconds
Number of updated asset objects reloaded before import = 0Number of asset objects unloaded after import = 3

========================================================================
Received Import Request.
  Time since last request: 0.000032 seconds.
  path: Assets/Jojo Jungle Pack v4.0/SpriteSheets/boss/BossScreen_rockcache.png
  artifactKey: Guid(6bbb1371adacc9e4fa69e45711bc38b6) Importer(2089858483,b0f066a214c2f5e87bad3c948f4d605d)
Start importing Assets/Jojo Jungle Pack v4.0/SpriteSheets/boss/BossScreen_rockcache.png using Guid(6bbb1371adacc9e4fa69e45711bc38b6) Importer(2089858483,b0f066a214c2f5e87bad3c948f4d605d) (ScriptedImporter) -> (artifact id: '1da6c86239eea9a9ff103553fee190fd') in 0.0106977 seconds
Number of updated asset objects reloaded before import = 0Number of asset objects unloaded after import = 3

========================================================================
Received Import Request.
  Time since last request: 0.000017 seconds.
  path: Assets/Jojo Jungle Pack v4.0/SpriteSheets/background/jungle_paralax_bg2.png
  artifactKey: Guid(231a0d52f769c9b4ebcf547b8a0b726d) Importer(2089858483,b0f066a214c2f5e87bad3c948f4d605d)
Start importing Assets/Jojo Jungle Pack v4.0/SpriteSheets/background/jungle_paralax_bg2.png using Guid(231a0d52f769c9b4ebcf547b8a0b726d) Importer(2089858483,b0f066a214c2f5e87bad3c948f4d605d) (ScriptedImporter) -> (artifact id: '8718714675a47b42d5294d6f488d2cab') in 0.0096756 seconds
Number of updated asset objects reloaded before import = 0Number of asset objects unloaded after import = 3

========================================================================
Received Import Request.
  Time since last request: 0.000018 seconds.
  path: Assets/Jojo Jungle Pack v4.0/SpriteSheets/ui/fnt_wonder32_customm.png
  artifactKey: Guid(0b25cdfa82207ee4699f634b33b953c1) Importer(2089858483,b0f066a214c2f5e87bad3c948f4d605d)
Start importing Assets/Jojo Jungle Pack v4.0/SpriteSheets/ui/fnt_wonder32_customm.png using Guid(0b25cdfa82207ee4699f634b33b953c1) Importer(2089858483,b0f066a214c2f5e87bad3c948f4d605d) (ScriptedImporter) -> (artifact id: 'de6772219f83770f95804110251f3e35') in 0.0351538 seconds
Number of updated asset objects reloaded before import = 0Number of asset objects unloaded after import = 36

========================================================================
Received Import Request.
  Time since last request: 0.000024 seconds.
  path: Assets/Jojo Jungle Pack v4.0/SpriteSheets/fx/shadow_char.png
  artifactKey: Guid(ac594b69b68a56e4c82e417b5a9a72a6) Importer(2089858483,b0f066a214c2f5e87bad3c948f4d605d)
Start importing Assets/Jojo Jungle Pack v4.0/SpriteSheets/fx/shadow_char.png using Guid(ac594b69b68a56e4c82e417b5a9a72a6) Importer(2089858483,b0f066a214c2f5e87bad3c948f4d605d) (ScriptedImporter) -> (artifact id: '0799a7b1458a88c4052c86a03af85f92') in 0.0116624 seconds
Number of updated asset objects reloaded before import = 0Number of asset objects unloaded after import = 3

========================================================================
Received Import Request.
  Time since last request: 0.000037 seconds.
  path: Assets/Jojo Jungle Pack v4.0/SpriteSheets/background/clouds1.png
  artifactKey: Guid(cb21f2a0963e45b4398b2cf094c708c7) Importer(2089858483,b0f066a214c2f5e87bad3c948f4d605d)
Start importing Assets/Jojo Jungle Pack v4.0/SpriteSheets/background/clouds1.png using Guid(cb21f2a0963e45b4398b2cf094c708c7) Importer(2089858483,b0f066a214c2f5e87bad3c948f4d605d) (ScriptedImporter) -> (artifact id: '2740a784151cf954457a299330e4ce50') in 0.0087138 seconds
Number of updated asset objects reloaded before import = 0Number of asset objects unloaded after import = 3

========================================================================
Received Import Request.
  Time since last request: 0.000019 seconds.
  path: Assets/Jojo Jungle Pack v4.0/SpriteSheets/enemy/grunt_shoot.png
  artifactKey: Guid(824eed5c7b3c4b846ac5a419732a0e6b) Importer(2089858483,b0f066a214c2f5e87bad3c948f4d605d)
Start importing Assets/Jojo Jungle Pack v4.0/SpriteSheets/enemy/grunt_shoot.png using Guid(824eed5c7b3c4b846ac5a419732a0e6b) Importer(2089858483,b0f066a214c2f5e87bad3c948f4d605d) (ScriptedImporter) -> (artifact id: '051719534f7db6ae0f88150b7cb2e5c6') in 0.0094333 seconds
Number of updated asset objects reloaded before import = 0Number of asset objects unloaded after import = 4

========================================================================
Received Import Request.
  Time since last request: 0.000020 seconds.
  path: Assets/Jojo Jungle Pack v4.0/GIFs/john_run_shoot.gif
  artifactKey: Guid(ce465e118e719e740b1a02189567dcff) Importer(2089858483,b0f066a214c2f5e87bad3c948f4d605d)
Start importing Assets/Jojo Jungle Pack v4.0/GIFs/john_run_shoot.gif using Guid(ce465e118e719e740b1a02189567dcff) Importer(2089858483,b0f066a214c2f5e87bad3c948f4d605d) (ScriptedImporter) -> (artifact id: 'e72e16e3fbfb2e60d962a80fcb90f70e') in 0.0098982 seconds
Number of updated asset objects reloaded before import = 0Number of asset objects unloaded after import = 3

========================================================================
Received Import Request.
  Time since last request: 0.000020 seconds.
  path: Assets/Jojo Jungle Pack v4.0/SpriteSheets/player/john_hagging_aimupdiag_firing.png
  artifactKey: Guid(129f6394109723c4486b6fbd128ce7f8) Importer(2089858483,b0f066a214c2f5e87bad3c948f4d605d)
Start importing Assets/Jojo Jungle Pack v4.0/SpriteSheets/player/john_hagging_aimupdiag_firing.png using Guid(129f6394109723c4486b6fbd128ce7f8) Importer(2089858483,b0f066a214c2f5e87bad3c948f4d605d) (ScriptedImporter) -> (artifact id: '639fd07d2ac7a89aa525116f33d7e9d5') in 0.0106093 seconds
Number of updated asset objects reloaded before import = 0Number of asset objects unloaded after import = 4

========================================================================
Received Import Request.
  Time since last request: 0.000030 seconds.
  path: Assets/Jojo Jungle Pack v4.0/SpriteSheets/boss/BossBodyIdle.png
  artifactKey: Guid(3e8a610cc7305f04fae4ee9d1826db40) Importer(2089858483,b0f066a214c2f5e87bad3c948f4d605d)
Start importing Assets/Jojo Jungle Pack v4.0/SpriteSheets/boss/BossBodyIdle.png using Guid(3e8a610cc7305f04fae4ee9d1826db40) Importer(2089858483,b0f066a214c2f5e87bad3c948f4d605d) (ScriptedImporter) -> (artifact id: '9b2768e86b4db6accecc9d3eb8730be4') in 0.0210909 seconds
Number of updated asset objects reloaded before import = 0Number of asset objects unloaded after import = 14

========================================================================
Received Import Request.
  Time since last request: 0.000038 seconds.
  path: Assets/Jojo Jungle Pack v4.0/SpriteSheets/background
  artifactKey: Guid(50c690709b8f8c94abb57c489629509a) Importer(2089858483,b0f066a214c2f5e87bad3c948f4d605d)
Start importing Assets/Jojo Jungle Pack v4.0/SpriteSheets/background using Guid(50c690709b8f8c94abb57c489629509a) Importer(2089858483,b0f066a214c2f5e87bad3c948f4d605d) (ScriptedImporter) -> (artifact id: '933a51baeefaa45b7f9054ae5f6bab89') in 0.0049104 seconds
Number of updated asset objects reloaded before import = 0Number of asset objects unloaded after import = 1

========================================================================
Received Import Request.
  Time since last request: 0.000017 seconds.
  path: Assets/Jojo Jungle Pack v4.0/GIFs/john_crouch.gif
  artifactKey: Guid(4f057dd8ad22bf94c802eacef6c015fd) Importer(2089858483,b0f066a214c2f5e87bad3c948f4d605d)
Start importing Assets/Jojo Jungle Pack v4.0/GIFs/john_crouch.gif using Guid(4f057dd8ad22bf94c802eacef6c015fd) Importer(2089858483,b0f066a214c2f5e87bad3c948f4d605d) (ScriptedImporter) -> (artifact id: '7047fb4dc6e13c0fd762310e7a6d0b6c') in 0.0087887 seconds
Number of updated asset objects reloaded before import = 0Number of asset objects unloaded after import = 3

========================================================================
Received Import Request.
  Time since last request: 0.000019 seconds.
  path: Assets/Jojo Jungle Pack v4.0/SpriteSheets/player/john_run_shoot_up_diag.png
  artifactKey: Guid(1cc71c356c5fb3e4b8595280238d03ce) Importer(2089858483,b0f066a214c2f5e87bad3c948f4d605d)
Start importing Assets/Jojo Jungle Pack v4.0/SpriteSheets/player/john_run_shoot_up_diag.png using Guid(1cc71c356c5fb3e4b8595280238d03ce) Importer(2089858483,b0f066a214c2f5e87bad3c948f4d605d) (ScriptedImporter) -> (artifact id: '1b309645ad8610e5fb5734fb7e57c32e') in 0.0188793 seconds
Number of updated asset objects reloaded before import = 0Number of asset objects unloaded after import = 12

========================================================================
Received Import Request.
  Time since last request: 0.000022 seconds.
  path: Assets/Jojo Jungle Pack v4.0/SpriteSheets/background/tile_cave_hole_1.png
  artifactKey: Guid(de0db351bc4347844ae27e89a917b4d7) Importer(2089858483,b0f066a214c2f5e87bad3c948f4d605d)
Start importing Assets/Jojo Jungle Pack v4.0/SpriteSheets/background/tile_cave_hole_1.png using Guid(de0db351bc4347844ae27e89a917b4d7) Importer(2089858483,b0f066a214c2f5e87bad3c948f4d605d) (ScriptedImporter) -> (artifact id: 'bcb983120ca395c8ebd987651032a324') in 0.0075032 seconds
Number of updated asset objects reloaded before import = 0Number of asset objects unloaded after import = 3

========================================================================
Received Import Request.
  Time since last request: 0.000029 seconds.
  path: Assets/Jojo Jungle Pack v4.0/SpriteSheets/ui/ui_medal_life.png
  artifactKey: Guid(d3cdd0e3caf37b640bbd81edca731fe2) Importer(2089858483,b0f066a214c2f5e87bad3c948f4d605d)
Start importing Assets/Jojo Jungle Pack v4.0/SpriteSheets/ui/ui_medal_life.png using Guid(d3cdd0e3caf37b640bbd81edca731fe2) Importer(2089858483,b0f066a214c2f5e87bad3c948f4d605d) (ScriptedImporter) -> (artifact id: '6026f6c7513cf25fac89c03e7fc3d51f') in 0.0106058 seconds
Number of updated asset objects reloaded before import = 0Number of asset objects unloaded after import = 3

========================================================================
Received Import Request.
  Time since last request: 0.000020 seconds.
  path: Assets/Jojo Jungle Pack v4.0/SpriteSheets/player/john_static.png
  artifactKey: Guid(4dbedb14596bf514a93990eb410611f2) Importer(2089858483,b0f066a214c2f5e87bad3c948f4d605d)
Start importing Assets/Jojo Jungle Pack v4.0/SpriteSheets/player/john_static.png using Guid(4dbedb14596bf514a93990eb410611f2) Importer(2089858483,b0f066a214c2f5e87bad3c948f4d605d) (ScriptedImporter) -> (artifact id: '4402b28c0c95c5dcb05873b421610250') in 0.0086236 seconds
Number of updated asset objects reloaded before import = 0Number of asset objects unloaded after import = 3

========================================================================
Received Import Request.
  Time since last request: 0.000023 seconds.
  path: Assets/Jojo Jungle Pack v4.0/SpriteSheets/ui/ui_weapon_repeater_blue.png
  artifactKey: Guid(78dbb2c8fdab13145811338cb547abe6) Importer(2089858483,b0f066a214c2f5e87bad3c948f4d605d)
Start importing Assets/Jojo Jungle Pack v4.0/SpriteSheets/ui/ui_weapon_repeater_blue.png using Guid(78dbb2c8fdab13145811338cb547abe6) Importer(2089858483,b0f066a214c2f5e87bad3c948f4d605d) (ScriptedImporter) -> (artifact id: '61b907e4e54c6b6afb20c46e8d9eecb4') in 0.0108537 seconds
Number of updated asset objects reloaded before import = 0Number of asset objects unloaded after import = 3

========================================================================
Received Import Request.
  Time since last request: 0.000019 seconds.
  path: Assets/Jojo Jungle Pack v4.0/SpriteSheets/props/plant.png
  artifactKey: Guid(8b2417829943f4340953de94b1d704ac) Importer(2089858483,b0f066a214c2f5e87bad3c948f4d605d)
Start importing Assets/Jojo Jungle Pack v4.0/SpriteSheets/props/plant.png using Guid(8b2417829943f4340953de94b1d704ac) Importer(2089858483,b0f066a214c2f5e87bad3c948f4d605d) (ScriptedImporter) -> (artifact id: '154aab4b0183c8f18e2003d93022a33d') in 0.0108133 seconds
Number of updated asset objects reloaded before import = 0Number of asset objects unloaded after import = 3

========================================================================
Received Import Request.
  Time since last request: 0.000029 seconds.
  path: Assets/Jojo Jungle Pack v4.0/SpriteSheets/player/run_dust.png
  artifactKey: Guid(0d905c39c1d2f274fa7f4e528179d88d) Importer(2089858483,b0f066a214c2f5e87bad3c948f4d605d)
Start importing Assets/Jojo Jungle Pack v4.0/SpriteSheets/player/run_dust.png using Guid(0d905c39c1d2f274fa7f4e528179d88d) Importer(2089858483,b0f066a214c2f5e87bad3c948f4d605d) (ScriptedImporter) -> (artifact id: 'fbb0788f65586264178e8c9ff63aecf6') in 0.0095151 seconds
Number of updated asset objects reloaded before import = 0Number of asset objects unloaded after import = 3

========================================================================
Received Import Request.
  Time since last request: 0.000037 seconds.
  path: Assets/Jojo Jungle Pack v4.0/SpriteSheets/boss/Boss_laser.png
  artifactKey: Guid(ff550c8ab4ac45d47ba64f6813e95792) Importer(2089858483,b0f066a214c2f5e87bad3c948f4d605d)
Start importing Assets/Jojo Jungle Pack v4.0/SpriteSheets/boss/Boss_laser.png using Guid(ff550c8ab4ac45d47ba64f6813e95792) Importer(2089858483,b0f066a214c2f5e87bad3c948f4d605d) (ScriptedImporter) -> (artifact id: '79c31b817cda13fa1c79e37cb8674681') in 0.0117409 seconds
Number of updated asset objects reloaded before import = 0Number of asset objects unloaded after import = 3

========================================================================
Received Import Request.
  Time since last request: 0.000018 seconds.
  path: Assets/Jojo Jungle Pack v4.0/SpriteSheets/player/john_hagging_aimdown_firing.png
  artifactKey: Guid(ab0ea11027482c34083fc51653051207) Importer(2089858483,b0f066a214c2f5e87bad3c948f4d605d)
Start importing Assets/Jojo Jungle Pack v4.0/SpriteSheets/player/john_hagging_aimdown_firing.png using Guid(ab0ea11027482c34083fc51653051207) Importer(2089858483,b0f066a214c2f5e87bad3c948f4d605d) (ScriptedImporter) -> (artifact id: 'fd68519cb5fa934abe3efe944cb2995c') in 0.0097577 seconds
Number of updated asset objects reloaded before import = 0Number of asset objects unloaded after import = 4

========================================================================
Received Import Request.
  Time since last request: 0.000027 seconds.
  path: Assets/Jojo Jungle Pack v4.0/SpriteSheets/ui/player_icon_idle.png
  artifactKey: Guid(b280e781acc19dc418a2a24d3b90932f) Importer(2089858483,b0f066a214c2f5e87bad3c948f4d605d)
Start importing Assets/Jojo Jungle Pack v4.0/SpriteSheets/ui/player_icon_idle.png using Guid(b280e781acc19dc418a2a24d3b90932f) Importer(2089858483,b0f066a214c2f5e87bad3c948f4d605d) (ScriptedImporter) -> (artifact id: 'd5becb0f3c07da01095815af40a3e2d2') in 0.0096572 seconds
Number of updated asset objects reloaded before import = 0Number of asset objects unloaded after import = 3

========================================================================
Received Import Request.
  Time since last request: 0.000020 seconds.
  path: Assets/Jojo Jungle Pack v4.0/SpriteSheets/titlescreen/main_title_title.png
  artifactKey: Guid(80e4070d5eec3144b8c4bdbe8aae1f67) Importer(2089858483,b0f066a214c2f5e87bad3c948f4d605d)
Start importing Assets/Jojo Jungle Pack v4.0/SpriteSheets/titlescreen/main_title_title.png using Guid(80e4070d5eec3144b8c4bdbe8aae1f67) Importer(2089858483,b0f066a214c2f5e87bad3c948f4d605d) (ScriptedImporter) -> (artifact id: 'fc75737acaf3a6ca1e85c7ec30e93238') in 0.0091456 seconds
Number of updated asset objects reloaded before import = 0Number of asset objects unloaded after import = 3

========================================================================
Received Import Request.
  Time since last request: 0.000039 seconds.
  path: Assets/Jojo Jungle Pack v4.0/SpriteSheets/titlescreen/GameOverScreen.png
  artifactKey: Guid(6266b3a6673415c4eb69300714895bba) Importer(2089858483,b0f066a214c2f5e87bad3c948f4d605d)
Start importing Assets/Jojo Jungle Pack v4.0/SpriteSheets/titlescreen/GameOverScreen.png using Guid(6266b3a6673415c4eb69300714895bba) Importer(2089858483,b0f066a214c2f5e87bad3c948f4d605d) (ScriptedImporter) -> (artifact id: 'c35042a3f935b6faff353f8e8c2abb82') in 0.0106884 seconds
Number of updated asset objects reloaded before import = 0Number of asset objects unloaded after import = 3

========================================================================
Received Import Request.
  Time since last request: 0.000019 seconds.
  path: Assets/Jojo Jungle Pack v4.0/SpriteSheets/player/john_stand_looking_up_diag.png
  artifactKey: Guid(3b6304f94aaffd84b9dc58fa4af90da9) Importer(2089858483,b0f066a214c2f5e87bad3c948f4d605d)
Start importing Assets/Jojo Jungle Pack v4.0/SpriteSheets/player/john_stand_looking_up_diag.png using Guid(3b6304f94aaffd84b9dc58fa4af90da9) Importer(2089858483,b0f066a214c2f5e87bad3c948f4d605d) (ScriptedImporter) -> (artifact id: '4de7cb0661f0cf06888a45d9e1cadc44') in 0.0107972 seconds
Number of updated asset objects reloaded before import = 0Number of asset objects unloaded after import = 3

========================================================================
Received Import Request.
  Time since last request: 0.000027 seconds.
  path: Assets/Jojo Jungle Pack v4.0/SpriteSheets
  artifactKey: Guid(eb6c9a38ac3582a42b9db28f34fd9060) Importer(815301076,1909f56bfc062723c751e8b465ee728b)
Start importing Assets/Jojo Jungle Pack v4.0/SpriteSheets using Guid(eb6c9a38ac3582a42b9db28f34fd9060) Importer(815301076,1909f56bfc062723c751e8b465ee728b) (PreviewImporter) -> (artifact id: 'ae3daf1d51d13aaeb881e54ba4a3f03e') in 0.0006877 seconds
Number of updated asset objects reloaded before import = 0Number of asset objects unloaded after import = 0

========================================================================
Received Import Request.
  Time since last request: 0.000029 seconds.
  path: Assets/Jojo Jungle Pack v4.0/Itchio Licence Asset Pack.url
  artifactKey: Guid(9d799ab35d2d8cb489bc8c6f4e131229) Importer(2089858483,b0f066a214c2f5e87bad3c948f4d605d)
Start importing Assets/Jojo Jungle Pack v4.0/Itchio Licence Asset Pack.url using Guid(9d799ab35d2d8cb489bc8c6f4e131229) Importer(2089858483,b0f066a214c2f5e87bad3c948f4d605d) (ScriptedImporter) -> (artifact id: 'b7d5327f930a6ccd96ca0fc3e16778bc') in 0.0045215 seconds
Number of updated asset objects reloaded before import = 0Number of asset objects unloaded after import = 1

========================================================================
Received Import Request.
  Time since last request: 0.000020 seconds.
  path: Assets/Jojo Jungle Pack v4.0/SpriteSheets/background/jungle_tree2_bg.png
  artifactKey: Guid(f807a8bd367324f4fb781a7fc4727ee8) Importer(2089858483,b0f066a214c2f5e87bad3c948f4d605d)
Start importing Assets/Jojo Jungle Pack v4.0/SpriteSheets/background/jungle_tree2_bg.png using Guid(f807a8bd367324f4fb781a7fc4727ee8) Importer(2089858483,b0f066a214c2f5e87bad3c948f4d605d) (ScriptedImporter) -> (artifact id: 'ea6f893116693c65678846cc1f2ced59') in 0.0082491 seconds
Number of updated asset objects reloaded before import = 0Number of asset objects unloaded after import = 3

========================================================================
Received Import Request.
  Time since last request: 0.000036 seconds.
  path: Assets/Jojo Jungle Pack v4.0/SpriteSheets/titlescreen/main_title_press_start(201x23).png
  artifactKey: Guid(8e913ac14e72c1c4fbf2bbeea4429781) Importer(2089858483,b0f066a214c2f5e87bad3c948f4d605d)
Start importing Assets/Jojo Jungle Pack v4.0/SpriteSheets/titlescreen/main_title_press_start(201x23).png using Guid(8e913ac14e72c1c4fbf2bbeea4429781) Importer(2089858483,b0f066a214c2f5e87bad3c948f4d605d) (ScriptedImporter) -> (artifact id: '1c6dcb57e292805a5efd54ee08669e5d') in 0.0613563 seconds
Number of updated asset objects reloaded before import = 0Number of asset objects unloaded after import = 62

========================================================================
Received Import Request.
  Time since last request: 0.000024 seconds.
  path: Assets/Jojo Jungle Pack v4.0/GIFs/john_idle.gif
  artifactKey: Guid(b57f41fe4d2226d4fb9aa7283753109e) Importer(2089858483,b0f066a214c2f5e87bad3c948f4d605d)
Start importing Assets/Jojo Jungle Pack v4.0/GIFs/john_idle.gif using Guid(b57f41fe4d2226d4fb9aa7283753109e) Importer(2089858483,b0f066a214c2f5e87bad3c948f4d605d) (ScriptedImporter) -> (artifact id: '0de899576c68852b454479469f26476f') in 0.0079909 seconds
Number of updated asset objects reloaded before import = 0Number of asset objects unloaded after import = 3

Editor requested this worker to shutdown with reason: Scaling down because of idle timeout
AssetImportWorker is now disconnected from the server
Process exiting
Exiting without the bug reporter. Application will terminate with return code 0